Case: Case B
Saved parameters: results/Opt_design_control_parameters/summary_CaseB.json
f_lin: [-3.73866393e-04 -0.00000000e+00  1.85556134e+02]
f_lin: [ 2.66450925e-03 -0.00000000e+00  1.85100111e+02]
f_lin: [ 2.54986597e-02 -0.00000000e+00  1.84678658e+02]
f_lin: [ 6.77502589e-02 -0.00000000e+00  1.84292792e+02]
f_lin: [ 1.29091909e-01 -0.00000000e+00  1.83943428e+02]
f_lin: [  0.20924413  -0.         183.63138085]
f_lin: [  0.30797215  -0.         183.35711231]
f_lin: [  0.42509802  -0.         183.12108709]
f_lin: [  0.56049203  -0.         182.92386211]
f_lin: [  0.71405955  -0.         182.76591109]
f_lin: [  0.88573936  -0.         182.64762886]
f_lin: [  1.07550215  -0.         182.56933557]
f_lin: [  1.28334897  -0.         182.53128094]
f_lin: [  1.50930987  -0.         182.53364835]
f_lin: [  1.75344248  -0.         182.57655894]
f_lin: [  2.01583068  -0.         182.66007558]
f_lin: [  2.29658337  -0.         182.78420682]
f_lin: [  2.5958332   -0.         182.94891068]
f_lin: [  2.91373537  -0.         183.1540985 ]
f_lin: [  3.25046632  -0.         183.39962797]
f_lin: [  3.60620438  -0.         183.68435959]
f_lin: [  3.98122255  -0.         184.00812366]
f_lin: [  4.3758044   -0.         184.37073478]
f_lin: [  4.79024425  -0.         184.77199427]
f_lin: [  5.22484657  -0.         185.21166304]
f_lin: [  5.67992699  -0.         185.68943097]
f_lin: [  6.15582069  -0.         186.20506214]
f_lin: [  6.65287293  -0.         186.75831301]
f_lin: [  7.17143923  -0.         187.34893265]
f_lin: [  7.71188438  -0.         187.97663925]
f_lin: [  8.27457189  -0.         188.64087951]
f_lin: [  8.85988978  -0.         189.34138579]
f_lin: [  9.46823537  -0.         190.07788211]
f_lin: [ 10.10001515  -0.         190.85008442]
f_lin: [ 10.75564446  -0.         191.6577007 ]
f_lin: [ 11.43554727  -0.         192.50043109]
f_lin: [ 12.14014846  -0.         193.37785207]
f_lin: [ 12.8698701   -0.         194.28957062]
f_lin: [ 13.62511716  -0.         195.23518498]
f_lin: [ 14.40627441  -0.         196.2142757 ]
f_lin: [ 15.21371923  -0.         197.22624473]
f_lin: [ 16.04784929  -0.         198.27068108]
f_lin: [ 16.90906712  -0.         199.34717182]
f_lin: [ 17.79777956  -0.         200.45530124]
f_lin: [ 18.71439715  -0.         201.59464997]
f_lin: [ 19.65933359  -0.         202.76479409]
f_lin: [ 20.63300504  -0.         203.96530425]
f_lin: [ 21.63582961  -0.         205.19574471]
f_lin: [ 22.66822669  -0.         206.45567244]
f_lin: [ 23.73061635  -0.         207.74463606]
f_lin: [ 24.82341867  -0.         209.0621748 ]
f_lin: [ 25.94705312  -0.         210.40781745]
f_lin: [ 27.10193787  -0.         211.78108113]
f_lin: [ 28.2884891   -0.         213.18147011]
f_lin: [ 29.5071203   -0.         214.60847449]
f_lin: [ 30.75824152  -0.         216.0615688 ]
f_lin: [ 32.04225862  -0.         217.54021056]
f_lin: [ 33.35951914  -0.         219.04348834]
f_lin: [ 34.71036749  -0.         220.57071683]
f_lin: [ 36.09515137  -0.         222.12130614]
f_lin: [ 37.51416708  -0.         223.694364  ]
f_lin: [ 38.96756013  -0.         225.28814158]
f_lin: [ 40.45618582  -0.         226.90491128]
f_lin: [ 41.98281577  -0.         228.55626327]
f_lin: [ 43.54740092  -0.         230.23442966]
f_lin: [ 45.15413699  -0.         231.95709214]
f_lin: [ 46.8006927   -0.         233.70143565]
f_lin: [ 48.48691856  -0.         235.46560319]
f_lin: [ 50.21274731  -0.         237.24756972]
f_lin: [ 51.97814768  -0.         239.04542561]
f_lin: [ 53.78324322  -0.         240.85792238]
f_lin: [ 55.62814382  -0.         242.68375075]
f_lin: [ 57.51294233  -0.         244.5215323 ]
f_lin: [ 59.43771105  -0.         246.36980997]
f_lin: [ 61.40249798  -0.         248.22703734]
f_lin: [ 63.41040557  -0.         250.10372564]
f_lin: [ 65.47294859  -0.         252.03899586]
f_lin: [ 67.64464778  -0.         254.22229096]
f_lin: [  1.40376906  -0.         203.59722131]
Raw signed jump distance (m): 0.9782154539769358
Jump height (m): 0.26264513601232864
Energy (J): 22.719542599458794
Duration (s): 0.149428129196167
Velocity (m/s): 6.546394305002302
