Case: Case A
Saved parameters: results/Opt_design_control_parameters/summary_CaseA.json
f_lin: [ 1.24151279e-14 -0.00000000e+00  8.94713188e+01]
f_lin: [ 1.24179972e-14 -0.00000000e+00  8.92829392e+01]
f_lin: [ 7.35798825e-03 -0.00000000e+00  8.90826668e+01]
f_lin: [ 2.19525842e-02 -0.00000000e+00  8.88746663e+01]
f_lin: [ 4.36688483e-02 -0.00000000e+00  8.86627643e+01]
f_lin: [ 7.24003084e-02 -0.00000000e+00  8.84504738e+01]
f_lin: [ 0.10805059 -0.         88.24101527]
f_lin: [ 0.15053469 -0.         88.03733482]
f_lin: [ 0.19978018 -0.         87.84204218]
f_lin: [ 0.25573958 -0.         87.65757162]
f_lin: [ 0.31837717 -0.         87.48614251]
f_lin: [ 0.38766967 -0.         87.32977405]
f_lin: [ 0.46360678 -0.         87.19029905]
f_lin: [ 0.54619151 -0.         87.06937681]
f_lin: [ 0.63544045 -0.         86.96850523]
f_lin: [ 0.73138393 -0.         86.88903209]
f_lin: [ 0.83406601 -0.         86.83216571]
f_lin: [ 0.9435445  -0.         86.79898486]
f_lin: [ 1.05989079 -0.         86.7904481 ]
f_lin: [ 1.18318973 -0.         86.8074025 ]
f_lin: [ 1.31353938 -0.         86.85059182]
f_lin: [ 1.45105071 -0.         86.92066418]
f_lin: [ 1.59584731 -0.         87.01817919]
f_lin: [ 1.74806505 -0.         87.1436147 ]
f_lin: [ 1.90785101 -0.         87.29734499]
f_lin: [ 2.0753645 -0.        87.479689 ]
f_lin: [ 2.25077589 -0.         87.69090636]
f_lin: [ 2.43426599 -0.         87.93119899]
f_lin: [ 2.62602562 -0.         88.2007157 ]
f_lin: [ 2.82625512 -0.         88.49955639]
f_lin: [ 3.03516315 -0.         88.8277554 ]
f_lin: [ 3.25296492 -0.         89.18517973]
f_lin: [ 3.47990529 -0.         89.57174095]
f_lin: [ 3.71623391 -0.         89.9872907 ]
f_lin: [ 3.96220838 -0.         90.43167387]
f_lin: [ 4.21809099 -0.         90.90471664]
f_lin: [ 4.48414852 -0.         91.40622802]
f_lin: [ 4.76065199 -0.         91.93600133]
f_lin: [ 5.04787645 -0.         92.49381563]
f_lin: [ 5.34609929 -0.         93.07941334]
f_lin: [ 5.65559341 -0.         93.6925191 ]
f_lin: [ 5.97663061 -0.         94.33285598]
f_lin: [ 6.30948618 -0.         95.00014095]
f_lin: [ 6.65443851 -0.         95.69408562]
f_lin: [ 7.01176863 -0.         96.41439679]
f_lin: [ 7.38175984 -0.         97.16077702]
f_lin: [ 7.76469731 -0.         97.93292517]
f_lin: [ 8.16086763 -0.         98.73053678]
f_lin: [ 8.57055849 -0.         99.55330459]
f_lin: [  8.99405825  -0.         100.40091882]
f_lin: [  9.43165427  -0.         101.27305329]
f_lin: [  9.8836346   -0.         102.16935885]
f_lin: [ 10.35029317  -0.         103.08949616]
f_lin: [ 10.83192266  -0.         104.03312631]
f_lin: [ 11.32881427  -0.         104.99991102]
f_lin: [ 11.84125738  -0.         105.98951265]
f_lin: [ 12.36953932  -0.         107.00159426]
f_lin: [ 12.91394508  -0.         108.03581967]
f_lin: [ 13.47475702  -0.         109.09185338]
f_lin: [ 14.05225464  -0.         110.1693606 ]
f_lin: [ 14.64671428  -0.         111.26800714]
f_lin: [ 15.25840888  -0.         112.38745936]
f_lin: [ 15.8875905   -0.         113.52726084]
f_lin: [ 16.53448891  -0.         114.68702158]
f_lin: [ 17.19933189  -0.         115.86636389]
f_lin: [ 17.88234499  -0.         117.06492086]
f_lin: [ 18.58375119  -0.         118.28233507]
f_lin: [ 19.30377059  -0.         119.51825739]
f_lin: [ 20.0426201   -0.         120.77234574]
f_lin: [ 20.80051307  -0.         122.04426398]
f_lin: [ 21.57772083  -0.         123.33403382]
f_lin: [ 22.3747139   -0.         124.64240624]
f_lin: [ 23.19204669  -0.         125.96961904]
f_lin: [ 24.03006471  -0.         127.31517073]
f_lin: [ 24.88976393  -0.         128.68288866]
f_lin: [ 25.77185974  -0.         130.07022763]
f_lin: [ 26.67630414  -0.         131.47652736]
f_lin: [ 27.60318445  -0.         132.90119184]
f_lin: [ 28.55258776  -0.         134.34364254]
f_lin: [ 29.52460006  -0.         135.80331627]
f_lin: [ 30.51930549  -0.         137.27966314]
f_lin: [ 31.536769    -0.         138.77207131]
f_lin: [ 32.57701839  -0.         140.27977851]
f_lin: [ 33.64011487  -0.         141.80215088]
f_lin: [ 34.7261155   -0.         143.33857184]
f_lin: [ 35.83507282  -0.         144.88843963]
f_lin: [ 36.96703442  -0.         146.45116498]
f_lin: [ 38.12204255  -0.         148.02616878]
f_lin: [ 39.30013374  -0.         149.61287983]
f_lin: [ 40.50133837  -0.         151.21073265]
f_lin: [ 41.72590743  -0.         152.81999716]
f_lin: [ 42.97561961  -0.         154.44580697]
f_lin: [ 44.2534278   -0.         156.09335213]
f_lin: [ 45.56064058  -0.         157.76175095]
f_lin: [ 46.90931621  -0.         159.4915975 ]
f_lin: [ 2.22024781 -0.         98.31942901]
Raw signed jump distance (m): 0.5781455191032929
Jump height (m): 0.17342647245901796
Energy (J): 13.186547149098876
Duration (s): 0.1363515853881836
Velocity (m/s): 4.240108521344672
