Case: Case C
Saved parameters: results/Opt_design_control_parameters/summary_CaseC.json
f_lin: [-1.05586875e-14 -0.00000000e+00  1.23285065e+02]
f_lin: [ 3.47478824e-04 -0.00000000e+00  1.23068394e+02]
f_lin: [-1.57296687e-02 -0.00000000e+00  1.22859290e+02]
f_lin: [-4.79801177e-02 -0.00000000e+00  1.22661970e+02]
f_lin: [-9.61827357e-02 -0.00000000e+00  1.22480288e+02]
f_lin: [ -0.16014907  -0.         122.31775791]
f_lin: [ -0.2397251   -0.         122.17751196]
f_lin: [ -0.3348083   -0.         122.06241381]
f_lin: [ -0.44533475  -0.         121.97507783]
f_lin: [ -0.57127572  -0.         121.91788053]
f_lin: [ -0.71263845  -0.         121.89297889]
f_lin: [ -0.86946669  -0.         121.90232735]
f_lin: [ -1.04184101  -0.         121.94769344]
f_lin: [ -1.22987888  -0.         122.03067234]
f_lin: [ -1.43373467  -0.         122.15270028]
f_lin: [ -1.65359942  -0.         122.31506692]
f_lin: [ -1.88970056  -0.         122.51892683]
f_lin: [ -2.14230147  -0.         122.76531012]
f_lin: [ -2.41170105  -0.         123.05513221]
f_lin: [ -2.69823307  -0.         123.38920292]
f_lin: [ -3.00226423  -0.         123.76817793]
f_lin: [ -3.32420521  -0.         124.19252349]
f_lin: [ -3.66453238  -0.         124.66271362]
f_lin: [ -4.02374973  -0.         125.17915855]
f_lin: [ -4.40238892  -0.         125.74220919]
f_lin: [ -4.80100922  -0.         126.35216134]
f_lin: [ -5.22019726  -0.         127.0092595 ]
f_lin: [ -5.6605668   -0.         127.71370051]
f_lin: [ -6.12275834  -0.         128.46563587]
f_lin: [ -6.60743558  -0.         129.26511294]
f_lin: [ -7.11530002  -0.         130.11217692]
f_lin: [ -7.64707475  -0.         131.00678362]
f_lin: [ -8.20350871  -0.         131.94884874]
f_lin: [ -8.78537633  -0.         132.93827607]
f_lin: [ -9.39347411  -0.         133.97494407]
f_lin: [-10.02861993  -0.         135.05870694]
f_lin: [-10.6916522   -0.         136.18939554]
f_lin: [-11.38342188  -0.         137.36673172]
f_lin: [-12.10478591  -0.         138.590433  ]
f_lin: [-12.85660948  -0.         139.8601842 ]
f_lin: [-13.63972179  -0.         141.17543331]
f_lin: [-14.45483808  -0.         142.53530916]
f_lin: [-15.30268727  -0.         143.93903689]
f_lin: [-16.18399812  -0.         145.38584574]
f_lin: [-17.09949698  -0.         146.87496256]
f_lin: [-18.04990635  -0.         148.40561088]
f_lin: [-19.03594352  -0.         149.97700994]
f_lin: [-20.05831911  -0.         151.58837359]
f_lin: [-21.11773571  -0.         153.23890919]
f_lin: [-22.21488647  -0.         154.92781637]
f_lin: [-23.35038882  -0.         156.65385001]
f_lin: [-24.52483685  -0.         158.41611485]
f_lin: [-25.73881541  -0.         160.21373896]
f_lin: [-26.99281906  -0.         162.04537398]
f_lin: [-28.28738041  -0.         163.90989078]
f_lin: [-29.62302917  -0.         165.8062323 ]
f_lin: [-31.00027992  -0.         167.73336187]
f_lin: [-32.41963112  -0.         169.69025739]
f_lin: [-33.8815641  -0.        171.675906 ]
f_lin: [-35.38654198  -0.         173.68929875]
f_lin: [-36.93500866  -0.         175.72942563]
f_lin: [-38.52763176  -0.         177.7963972 ]
f_lin: [-40.16631401  -0.         179.8951104 ]
f_lin: [-41.85503355  -0.         182.03567825]
f_lin: [-43.59424987  -0.         184.20824078]
f_lin: [-45.38342428  -0.         186.41021222]
f_lin: [-47.22264394  -0.         188.63950502]
f_lin: [-49.11197351  -0.         190.89406533]
f_lin: [-51.05145336  -0.         193.17186348]
f_lin: [-53.04109768  -0.         195.47088418]
f_lin: [-55.08089266  -0.         197.78911646]
f_lin: [-57.17096578  -0.         200.12514261]
f_lin: [-59.31829512  -0.         202.50057611]
f_lin: [-61.54466727  -0.         204.96918666]
f_lin: [ -0.91543935  -0.         130.39384824]
Raw signed jump distance (m): -1.029055351797712
Jump height (m): 0.2728854302557161
Energy (J): 23.096106631775644
Duration (s): 0.143784761428833
Velocity (m/s): 7.15691525007014
