Case: Controller fixed
Saved parameters: results/CMAES_output/only_design/all_dist_20_newl_55000_44999_2026-06-16_19-04-44_5.0.csv
f_lin: [-5.92946058e-13  0.00000000e+00 -3.64910856e+03]
f_lin: [-7.37229283e-01  0.00000000e+00 -3.65027890e+03]
f_lin: [ 2.99336216e+00  0.00000000e+00 -3.65154509e+03]
f_lin: [    7.78924619     0.         -3652.79316074]
f_lin: [   14.01851634     0.         -3654.07330635]
f_lin: [   21.63435885     0.         -3655.36818701]
f_lin: [   31.11153051     0.         -3656.65911074]
f_lin: [   42.54239483     0.         -3657.94563484]
f_lin: [   55.97744097     0.         -3659.22707928]
f_lin: [   71.42555442     0.         -3660.49713084]
f_lin: [   88.89158767     0.         -3661.71137468]
f_lin: [  108.37856595     0.         -3662.50395973]
f_lin: [   41.65627568     0.         -3644.09815439]
Raw signed jump distance (m): -1.2512004951737665
Jump height (m): 0.9111347768547047
Energy (J): 3.1187651225353075
Duration (s): 0.2678079605102539
Velocity (m/s): 4.672006361535546
