Case: Nominal
Saved parameters: results/Opt_design_control_parameters/summary_nominal.json
f_lin: [ 2.40554746e-16 -0.00000000e+00  4.88222366e+01]
f_lin: [-1.32994666e-14 -0.00000000e+00  4.84546224e+01]
f_lin: [ 1.80907464e-03 -0.00000000e+00  4.80964105e+01]
f_lin: [ 5.38955456e-03 -0.00000000e+00  4.77480101e+01]
f_lin: [ 1.07081947e-02 -0.00000000e+00  4.74095808e+01]
f_lin: [ 1.77397476e-02 -0.00000000e+00  4.70814721e+01]
f_lin: [ 2.64613402e-02 -0.00000000e+00  4.67639808e+01]
f_lin: [ 3.68524836e-02 -0.00000000e+00  4.64573549e+01]
f_lin: [ 0.04889507 -0.         46.16179781]
f_lin: [ 0.06257334 -0.         45.87747137]
f_lin: [ 0.07787387 -0.         45.60449978]
f_lin: [ 0.09478553 -0.         45.34297258]
f_lin: [ 0.11329943 -0.         45.09294774]
f_lin: [ 0.13340887 -0.         44.85445451]
f_lin: [ 0.1551093  -0.         44.62749608]
f_lin: [ 0.17839822 -0.         44.41205209]
f_lin: [ 0.20327517 -0.         44.20808098]
f_lin: [ 0.22974161 -0.         44.01552213]
f_lin: [ 0.25780089 -0.         43.83429795]
f_lin: [ 0.28745817 -0.         43.66431572]
f_lin: [ 0.31872034 -0.         43.50546936]
f_lin: [ 0.35159598 -0.         43.35764105]
f_lin: [ 0.38609525 -0.         43.22070275]
f_lin: [ 0.42222985 -0.         43.09451753]
f_lin: [ 0.46001296 -0.         42.97894093]
f_lin: [ 0.49945913 -0.         42.87382203]
f_lin: [ 0.54058428 -0.         42.77900463]
f_lin: [ 0.58340557 -0.         42.69432816]
f_lin: [ 0.62794138 -0.         42.6196286 ]
f_lin: [ 0.67421123 -0.         42.55473934]
f_lin: [ 0.72223506 -0.         42.4994508 ]
f_lin: [ 0.77203246 -0.         42.45355117]
f_lin: [ 0.82362364 -0.         42.41686833]
f_lin: [ 0.87702995 -0.         42.38923143]
f_lin: [ 0.93227389 -0.         42.37047119]
f_lin: [ 0.98937898 -0.         42.36042024]
f_lin: [ 1.04836969 -0.         42.35891332]
f_lin: [ 1.10927144 -0.         42.36578755]
f_lin: [ 1.17210886 -0.         42.38082385]
f_lin: [ 1.23690725 -0.         42.4038477 ]
f_lin: [ 1.3036929  -0.         42.43470433]
f_lin: [ 1.37249291 -0.         42.47324189]
f_lin: [ 1.44333516 -0.         42.51931163]
f_lin: [ 1.51624824 -0.         42.57276804]
f_lin: [ 1.59126138 -0.         42.63346893]
f_lin: [ 1.66839834 -0.         42.70111955]
f_lin: [ 1.74769136 -0.         42.7755735 ]
f_lin: [ 1.8291739  -0.         42.85670669]
f_lin: [ 1.91287969 -0.         42.94439882]
f_lin: [ 1.99884265 -0.         43.03853346]
f_lin: [ 2.08709699 -0.         43.13899805]
f_lin: [ 2.17767716 -0.         43.24568392]
f_lin: [ 2.27061789 -0.         43.35848621]
f_lin: [ 2.36595417 -0.         43.47730392]
f_lin: [ 2.4637213  -0.         43.60203981]
f_lin: [ 2.56395486 -0.         43.73260041]
f_lin: [ 2.66669072 -0.         43.86889594]
f_lin: [ 2.77196509 -0.         44.01084027]
f_lin: [ 2.87981447 -0.         44.15835085]
f_lin: [ 2.99027567 -0.         44.31134866]
f_lin: [ 3.10338585 -0.         44.46975813]
f_lin: [ 3.21918249 -0.         44.63350709]
f_lin: [ 3.33770341 -0.         44.80252669]
f_lin: [ 3.45898677 -0.         44.97675131]
f_lin: [ 3.5830746  -0.         45.15616286]
f_lin: [ 3.71001432 -0.         45.34078854]
f_lin: [ 3.83985462 -0.         45.53063371]
f_lin: [ 3.97264389 -0.         45.72567817]
f_lin: [ 4.10842552 -0.         45.92583686]
f_lin: [ 4.24723989 -0.         46.13101096]
f_lin: [ 4.38912694 -0.         46.34111969]
f_lin: [ 4.53412613 -0.         46.55609162]
f_lin: [ 4.68241431 -0.         46.77723825]
f_lin: [ 4.83394674 -0.         47.00322965]
f_lin: [ 4.9887641  -0.         47.23403494]
f_lin: [ 5.14690784 -0.         47.46962501]
f_lin: [ 5.30842008 -0.         47.70997258]
f_lin: [ 5.47334365 -0.         47.95505218]
f_lin: [ 5.64172205 -0.         48.2048402 ]
f_lin: [ 5.81359942 -0.         48.45931482]
f_lin: [ 5.98902056 -0.         48.71845606]
f_lin: [ 6.1680309  -0.         48.98224576]
f_lin: [ 6.35067647 -0.         49.25066751]
f_lin: [ 6.53700394 -0.         49.52370669]
f_lin: [ 6.72706056 -0.         49.8013504 ]
f_lin: [ 6.92089416 -0.         50.08358744]
f_lin: [ 7.11855319 -0.         50.37040828]
f_lin: [ 7.32008664 -0.         50.66180502]
f_lin: [ 7.52554408 -0.         50.95777135]
f_lin: [ 7.73497563 -0.         51.25830251]
f_lin: [ 7.94843198 -0.         51.56339526]
f_lin: [ 8.16596436 -0.         51.8730478 ]
f_lin: [ 8.38762453 -0.         52.18725978]
f_lin: [ 8.61346479 -0.         52.50603221]
f_lin: [ 8.84353796 -0.         52.82936744]
f_lin: [ 9.07789738 -0.         53.15726909]
f_lin: [ 9.31659691 -0.         53.48974204]
f_lin: [ 9.5596909  -0.         53.82679237]
f_lin: [ 9.8072342  -0.         54.16842729]
f_lin: [10.05928215 -0.         54.51465513]
f_lin: [10.31589057 -0.         54.86548528]
f_lin: [10.57711574 -0.         55.22092816]
f_lin: [10.84301442 -0.         55.58099514]
f_lin: [11.11364379 -0.         55.94569856]
f_lin: [11.38906151 -0.         56.31505164]
f_lin: [11.66932563 -0.         56.68906844]
f_lin: [11.95449464 -0.         57.06776387]
f_lin: [12.24462744 -0.         57.45115359]
f_lin: [12.53978331 -0.         57.83925401]
f_lin: [12.84002193 -0.         58.23208226]
f_lin: [13.14540332 -0.         58.62965612]
f_lin: [13.45598788 -0.         59.03199402]
f_lin: [13.77183634 -0.         59.439115  ]
f_lin: [14.09300975 -0.         59.85103867]
f_lin: [14.41956947 -0.         60.26778519]
f_lin: [14.75157715 -0.         60.68937523]
f_lin: [15.08909474 -0.         61.11582996]
f_lin: [15.43218441 -0.         61.54717098]
f_lin: [15.78090859 -0.         61.98342037]
f_lin: [16.13532995 -0.         62.4246006 ]
f_lin: [16.49551133 -0.         62.87073451]
f_lin: [16.86151579 -0.         63.32184534]
f_lin: [17.23340651 -0.         63.77795665]
f_lin: [17.61124687 -0.         64.23909233]
f_lin: [17.99510033 -0.         64.70527656]
f_lin: [18.38503049 -0.         65.17653383]
f_lin: [18.78110099 -0.         65.65288887]
f_lin: [19.18337557 -0.         66.13436667]
f_lin: [19.59191799 -0.         66.62099245]
f_lin: [20.00679203 -0.         67.11279164]
f_lin: [20.42806147 -0.         67.60978986]
f_lin: [20.85579004 -0.         68.11201295]
f_lin: [21.29004145 -0.         68.61948689]
f_lin: [21.73087931 -0.         69.13223783]
f_lin: [22.17836713 -0.         69.65029206]
f_lin: [22.63253779 -0.         70.17358135]
f_lin: [23.09344423 -0.         70.70211636]
f_lin: [23.56114355 -0.         71.23592265]
f_lin: [24.0356932  -0.         71.77502692]
f_lin: [24.517151   -0.         72.31945685]
f_lin: [25.00557498 -0.         72.86924096]
f_lin: [25.50104315 -0.         73.42446543]
f_lin: [26.00371143 -0.         73.98544256]
f_lin: [26.51376057 -0.         74.55254417]
f_lin: [27.03137826 -0.         75.12614567]
f_lin: [27.55675625 -0.         75.70661883]
f_lin: [28.09008677 -0.         76.29432281]
f_lin: [28.63155827 -0.         76.88959411]
f_lin: [29.18135077 -0.         77.49273591]
f_lin: [29.73963102 -0.         78.10400764]
f_lin: [30.30652632 -0.         78.72355972]
f_lin: [30.88208607 -0.         79.35134688]
f_lin: [31.46639442 -0.         79.98743964]
f_lin: [32.05951308 -0.         80.63185314]
f_lin: [32.66148062 -0.         81.28454716]
f_lin: [33.27231268 -0.         81.94542852]
f_lin: [33.89200317 -0.         82.61435554]
f_lin: [34.52052623 -0.         83.29114415]
f_lin: [35.1578347  -0.         83.97556517]
f_lin: [35.80386975 -0.         84.66736668]
f_lin: [36.45856753 -0.         85.36629029]
f_lin: [37.12186205 -0.         86.07207893]
f_lin: [37.79368812 -0.         86.78448395]
f_lin: [38.47398419 -0.         87.50327134]
f_lin: [39.16269494 -0.         88.22822717]
f_lin: [39.85977366 -0.         88.9591619 ]
f_lin: [40.56518421 -0.         89.69591377]
f_lin: [41.27890258 -0.         90.43835116]
f_lin: [42.00091805 -0.         91.18637389]
f_lin: [42.73123372 -0.         91.93991368]
f_lin: [43.46986704 -0.         92.69893427]
f_lin: [44.21685128 -0.         93.4634342 ]
f_lin: [44.97223252 -0.         94.23344078]
f_lin: [45.73606769 -0.         95.00900594]
f_lin: [46.5083301  -0.         95.79001153]
f_lin: [47.28908534 -0.         96.57655542]
f_lin: [48.07841108 -0.         97.36876046]
f_lin: [48.87639337 -0.         98.16676597]
f_lin: [49.68312482 -0.         98.97072411]
f_lin: [50.498703   -0.         99.78079655]
f_lin: [ 51.32322898  -0.         100.5971515 ]
f_lin: [ 52.15680592  -0.         101.41996109]
f_lin: [ 52.99953789  -0.         102.24939888]
f_lin: [ 53.85152862  -0.         103.0856376 ]
f_lin: [ 54.71288034  -0.         103.92884688]
f_lin: [ 55.58369266  -0.         104.77919105]
f_lin: [ 56.46406134  -0.         105.63682692]
f_lin: [ 57.35407718  -0.         106.50190165]
f_lin: [ 58.25382457  -0.         107.37455004]
f_lin: [ 59.16337759  -0.         108.25488725]
f_lin: [ 60.08274739  -0.         109.14291171]
f_lin: [ 61.01190193  -0.         110.0385053 ]
f_lin: [ 61.9509137   -0.         110.94167196]
f_lin: [ 62.89985223  -0.         111.85240991]
f_lin: [ 63.85878419  -0.         112.77071154]
f_lin: [ 64.82777355  -0.         113.69656359]
f_lin: [ 65.80688178  -0.         114.6299473 ]
f_lin: [ 66.79616803  -0.         115.57083876]
f_lin: [ 67.79568943  -0.         116.51920921]
f_lin: [ 68.80549475  -0.         117.47501432]
f_lin: [ 69.825583    -0.         118.43812471]
f_lin: [ 70.85590161  -0.         119.40833164]
f_lin: [ 71.89646089  -0.         120.38554801]
f_lin: [ 72.94727083  -0.         121.36968697]
f_lin: [ 74.00834101  -0.         122.36066176]
f_lin: [ 75.07968034  -0.         123.35838527]
f_lin: [ 76.16129674  -0.         124.36276944]
f_lin: [ 77.25319661  -0.         125.37372443]
f_lin: [ 78.35538424  -0.         126.39115755]
f_lin: [ 79.46786111  -0.         127.41497209]
f_lin: [ 80.59062497  -0.         128.44506588]
f_lin: [ 81.72366893  -0.         129.48132969]
f_lin: [ 82.86698034  -0.         130.52364543]
f_lin: [ 84.02053956  -0.         131.57188415]
f_lin: [ 85.18431856  -0.         132.62590375]
f_lin: [ 86.35827942  -0.         133.6855465 ]
f_lin: [ 87.54237252  -0.         134.75063615]
f_lin: [ 88.73653456  -0.         135.82097469]
f_lin: [ 89.94068626  -0.         136.89633857]
f_lin: [ 91.15472967  -0.         137.97647443]
f_lin: [ 92.37854506  -0.         139.06109388]
f_lin: [ 93.61198706  -0.         140.14986741]
f_lin: [ 94.85488022  -0.         141.242417  ]
f_lin: [ 96.10701343  -0.         142.3383071 ]
f_lin: [ 97.40437459  -0.         143.49042236]
f_lin: [ 98.70519239  -0.         144.6546376 ]
f_lin: [100.00922522  -0.         145.82962889]
f_lin: [101.27723869  -0.         146.95754509]
f_lin: [102.55368207  -0.         148.0837446 ]
f_lin: [103.83842986  -0.         149.20809991]
f_lin: [105.13135969  -0.         150.33047063]
f_lin: [106.43230566  -0.         151.45064188]
f_lin: [107.74101189  -0.         152.5682599 ]
f_lin: [109.09889114  -0.         153.74167643]
f_lin: [110.45734897  -0.         154.92271994]
f_lin: [111.8156093   -0.         156.10929248]
f_lin: [113.17301404  -0.         157.29933536]
f_lin: [114.48227004  -0.         158.42617159]
f_lin: [115.79671735  -0.         159.54098961]
f_lin: [117.11585073  -0.         160.6429537 ]
f_lin: [118.43896984  -0.         161.73092979]
f_lin: [ 3.35254448 -0.         78.0306144 ]
Raw signed jump distance (m): 0.7931157503352543
Jump height (m): 0.24147109701378314
Energy (J): 25.9699295678519
Duration (s): 0.3145718574523926
Velocity (m/s): 2.5212546244868226
